# 
# By Simon 2015-01-31[20:36] 
# 

HSRCS = $(HSRCS) \
			.\ExplorerDlg.h \
			.\resource.h \
			.\StdAfx.h \

HSRCS = $(HSRCS) \
			..\nppUI\NppBase.h \
			..\nppUI\NppButton.h \
			..\nppUI\NppCombox.h \
			..\nppUI\NppFile.h \
			..\nppUI\NppFont.h \
			..\nppUI\NppImageList.h \
			..\nppUI\NppLib.h \
			..\nppUI\NppListView.h \
			..\nppUI\NppMenu.h \
			..\nppUI\NppStatic.h \
			..\nppUI\NppStaticDialog.h \
			..\nppUI\NppString.h \
			..\nppUI\NppToolTip.h \
			..\nppUI\NppTreeView.h \
			..\nppUI\NppWnd.h \
			..\nppUI\SysMsg.h \

HSRCS = $(HSRCS) \
			..\utils\winVersion.h \

CPPSRCS = $(CPPSRCS) \
			.\ExplolerDlg.cpp \
			.\main.cpp \

CPPSRCS = $(CPPSRCS) \
			..\nppUI\NppBase.cpp \
			..\nppUI\NppButton.cpp \
			..\nppUI\NppCombox.cpp \
			..\nppUI\NppFile.cpp \
			..\nppUI\NppFont.cpp \
			..\nppUI\NppImageList.cpp \
			..\nppUI\NppListView.cpp \
			..\nppUI\NppMenu.cpp \
			..\nppUI\NppStatic.cpp \
			..\nppUI\NppStaticDialog.cpp \
			..\nppUI\NppString.cpp \
			..\nppUI\NppToolTip.cpp \
			..\nppUI\NppTreeView.cpp \
			..\nppUI\NppWnd.cpp \
			..\nppUI\SysMsg.cpp \

CPPSRCS = $(CPPSRCS) \
			..\utils\winVersion.cpp \

OBJS = $(OBJS) \
			 $(OUTDIR)\ExplolerDlg.obj $(OUTDIR)\main.obj $(OUTDIR)\NppBase.obj $(OUTDIR)\NppButton.obj $(OUTDIR)\NppCombox.obj $(OUTDIR)\NppFile.obj $(OUTDIR)\NppFont.obj $(OUTDIR)\NppImageList.obj $(OUTDIR)\NppListView.obj $(OUTDIR)\NppMenu.obj $(OUTDIR)\NppStatic.obj $(OUTDIR)\NppStaticDialog.obj $(OUTDIR)\NppString.obj $(OUTDIR)\NppToolTip.obj $(OUTDIR)\NppTreeView.obj $(OUTDIR)\NppWnd.obj $(OUTDIR)\SysMsg.obj $(OUTDIR)\winVersion.obj

